// Jest Snapshot v1, https://goo.gl/fbAQLP

exports[`Action List Tests Screen Renders 1`] = `
<View
  style={
    Object {
      "backgroundColor": "#ffffff",
      "flex": 1,
    }
  }
>
  <RCTSafeAreaView
    accessible={true}
    emulateUnlessSupported={true}
    focusable={true}
    onClick={[Function]}
    onResponderGrant={[Function]}
    onResponderMove={[Function]}
    onResponderRelease={[Function]}
    onResponderTerminate={[Function]}
    onResponderTerminationRequest={[Function]}
    onStartShouldSetResponder={[Function]}
    style={
      Object {
        "backgroundColor": "#6200ee",
        "elevation": 0,
        "height": 76,
        "shadowColor": "rgba(0, 0, 0, 0.3)",
        "shadowOffset": Object {
          "height": 1,
          "width": 0,
        },
        "shadowOpacity": 1,
        "shadowRadius": 2,
        "width": "100%",
      }
    }
  >
    <View
      style={
        Object {
          "flex": 1,
          "flexDirection": "row",
          "paddingBottom": 16,
          "paddingHorizontal": 16,
          "paddingTop": 16,
        }
      }
    >
      <View
        accessible={true}
        focusable={true}
        onClick={[Function]}
        onResponderGrant={[Function]}
        onResponderMove={[Function]}
        onResponderRelease={[Function]}
        onResponderTerminate={[Function]}
        onResponderTerminationRequest={[Function]}
        onStartShouldSetResponder={[Function]}
        style={
          Object {
            "height": 40,
            "margin": -8,
            "marginRight": 24,
            "opacity": 1,
            "padding": 8,
            "width": 40,
          }
        }
        testID="header-navigation"
      >
        <Text />
      </View>
      <View
        style={
          Object {
            "flex": 1,
            "flexDirection": "column",
            "justifyContent": "flex-end",
            "marginRight": 80,
          }
        }
      >
        <View
          style={
            Object {
              "flex": 0,
              "justifyContent": "center",
            }
          }
        >
          <Text
            ellipsizeMode="tail"
            numberOfLines={1}
            style={
              Object {
                "color": "white",
                "fontFamily": "System",
                "fontSize": 20,
                "lineHeight": 20,
              }
            }
            testID="header-title"
          >
            Action List
          </Text>
        </View>
      </View>
      <View
        style={
          Array [
            Object {
              "alignItems": "center",
              "flexDirection": "row",
              "height": 56,
              "position": "absolute",
              "right": 8,
            },
            undefined,
          ]
        }
      >
        <View
          accessible={true}
          focusable={true}
          onClick={[Function]}
          onResponderGrant={[Function]}
          onResponderMove={[Function]}
          onResponderRelease={[Function]}
          onResponderTerminate={[Function]}
          onResponderTerminationRequest={[Function]}
          onStartShouldSetResponder={[Function]}
          style={
            Object {
              "height": 40,
              "opacity": 1,
              "padding": 8,
              "width": 40,
            }
          }
          testID="header-action-item0"
        >
          <Text />
        </View>
        <View
          accessible={true}
          focusable={true}
          onClick={[Function]}
          onResponderGrant={[Function]}
          onResponderMove={[Function]}
          onResponderRelease={[Function]}
          onResponderTerminate={[Function]}
          onResponderTerminationRequest={[Function]}
          onStartShouldSetResponder={[Function]}
          style={
            Object {
              "height": 40,
              "opacity": 1,
              "padding": 8,
              "width": 40,
            }
          }
          testID="header-action-item1"
        >
          <Text />
        </View>
      </View>
    </View>
  </RCTSafeAreaView>
  <RCTScrollView
    data={
      Array [
        Object {
          "details": "item 1 details",
          "id": 1,
          "name": "item 1",
        },
        Object {
          "details": "item 2 details",
          "id": 2,
          "name": "item 2",
        },
        Object {
          "details": "item 3 details",
          "id": 3,
          "name": "item 3",
        },
      ]
    }
    disableVirtualization={false}
    getItem={[Function]}
    getItemCount={[Function]}
    horizontal={false}
    initialNumToRender={10}
    keyExtractor={[Function]}
    maxToRenderPerBatch={10}
    onContentSizeChange={[Function]}
    onEndReachedThreshold={2}
    onLayout={[Function]}
    onMomentumScrollEnd={[Function]}
    onScroll={[Function]}
    onScrollBeginDrag={[Function]}
    onScrollEndDrag={[Function]}
    removeClippedSubviews={false}
    renderItem={[Function]}
    scrollEventThrottle={50}
    stickyHeaderIndices={Array []}
    testID="list"
    updateCellsBatchingPeriod={50}
    viewabilityConfigCallbackPairs={Array []}
    windowSize={21}
  >
    <View>
      <View
        onLayout={[Function]}
        style={null}
      >
        <View
          accessible={true}
          focusable={false}
          onClick={[Function]}
          onResponderGrant={[Function]}
          onResponderMove={[Function]}
          onResponderRelease={[Function]}
          onResponderTerminate={[Function]}
          onResponderTerminationRequest={[Function]}
          onStartShouldSetResponder={[Function]}
          style={
            Object {
              "alignItems": "center",
              "backgroundColor": "#ffffff",
              "flexDirection": "row",
              "height": 72,
              "opacity": 1,
              "paddingRight": 16,
            }
          }
        >
          <View
            style={
              Array [
                Object {
                  "backgroundColor": undefined,
                  "height": "100%",
                  "left": 0,
                  "position": "absolute",
                  "top": 0,
                  "width": 6,
                },
                undefined,
              ]
            }
          />
          <View
            style={
              Array [
                Object {
                  "flex": 1,
                  "paddingHorizontal": 16,
                },
                undefined,
              ]
            }
          >
            <Text
              ellipsizeMode="tail"
              numberOfLines={1}
              style={
                Array [
                  Object {
                    "color": "#000000",
                  },
                  Object {
                    "fontFamily": "System",
                    "fontSize": 16,
                    "fontWeight": "400",
                    "letterSpacing": 0,
                  },
                  Object {
                    "fontFamily": "System",
                    "fontWeight": "500",
                  },
                  undefined,
                  Array [
                    Object {
                      "color": "#000000",
                    },
                    undefined,
                  ],
                ]
              }
            >
              item 1
            </Text>
            <View
              style={
                Array [
                  Object {
                    "alignItems": "center",
                    "flexDirection": "row",
                  },
                  undefined,
                ]
              }
            >
              <Text
                numberOfLines={1}
                style={
                  Array [
                    Object {
                      "color": "#000000",
                    },
                    Object {
                      "fontFamily": "System",
                      "fontSize": 14,
                      "fontWeight": "500",
                      "letterSpacing": 0,
                    },
                    Object {
                      "fontFamily": "System",
                      "fontWeight": "400",
                    },
                    undefined,
                    Object {
                      "color": "#000000",
                    },
                  ]
                }
              >
                item 1 details
              </Text>
            </View>
            <View
              style={
                Array [
                  Object {
                    "alignItems": "center",
                    "flexDirection": "row",
                  },
                  undefined,
                ]
              }
            />
          </View>
          <Text />
        </View>
      </View>
      <View
        onLayout={[Function]}
        style={null}
      >
        <View
          accessible={true}
          focusable={false}
          onClick={[Function]}
          onResponderGrant={[Function]}
          onResponderMove={[Function]}
          onResponderRelease={[Function]}
          onResponderTerminate={[Function]}
          onResponderTerminationRequest={[Function]}
          onStartShouldSetResponder={[Function]}
          style={
            Object {
              "alignItems": "center",
              "backgroundColor": "#ffffff",
              "flexDirection": "row",
              "height": 72,
              "opacity": 1,
              "paddingRight": 16,
            }
          }
        >
          <View
            style={
              Array [
                Object {
                  "backgroundColor": undefined,
                  "height": "100%",
                  "left": 0,
                  "position": "absolute",
                  "top": 0,
                  "width": 6,
                },
                undefined,
              ]
            }
          />
          <View
            style={
              Array [
                Object {
                  "flex": 1,
                  "paddingHorizontal": 16,
                },
                undefined,
              ]
            }
          >
            <Text
              ellipsizeMode="tail"
              numberOfLines={1}
              style={
                Array [
                  Object {
                    "color": "#000000",
                  },
                  Object {
                    "fontFamily": "System",
                    "fontSize": 16,
                    "fontWeight": "400",
                    "letterSpacing": 0,
                  },
                  Object {
                    "fontFamily": "System",
                    "fontWeight": "500",
                  },
                  undefined,
                  Array [
                    Object {
                      "color": "#000000",
                    },
                    undefined,
                  ],
                ]
              }
            >
              item 2
            </Text>
            <View
              style={
                Array [
                  Object {
                    "alignItems": "center",
                    "flexDirection": "row",
                  },
                  undefined,
                ]
              }
            >
              <Text
                numberOfLines={1}
                style={
                  Array [
                    Object {
                      "color": "#000000",
                    },
                    Object {
                      "fontFamily": "System",
                      "fontSize": 14,
                      "fontWeight": "500",
                      "letterSpacing": 0,
                    },
                    Object {
                      "fontFamily": "System",
                      "fontWeight": "400",
                    },
                    undefined,
                    Object {
                      "color": "#000000",
                    },
                  ]
                }
              >
                item 2 details
              </Text>
            </View>
            <View
              style={
                Array [
                  Object {
                    "alignItems": "center",
                    "flexDirection": "row",
                  },
                  undefined,
                ]
              }
            />
          </View>
          <Text />
        </View>
      </View>
      <View
        onLayout={[Function]}
        style={null}
      >
        <View
          accessible={true}
          focusable={false}
          onClick={[Function]}
          onResponderGrant={[Function]}
          onResponderMove={[Function]}
          onResponderRelease={[Function]}
          onResponderTerminate={[Function]}
          onResponderTerminationRequest={[Function]}
          onStartShouldSetResponder={[Function]}
          style={
            Object {
              "alignItems": "center",
              "backgroundColor": "#ffffff",
              "flexDirection": "row",
              "height": 72,
              "opacity": 1,
              "paddingRight": 16,
            }
          }
        >
          <View
            style={
              Array [
                Object {
                  "backgroundColor": undefined,
                  "height": "100%",
                  "left": 0,
                  "position": "absolute",
                  "top": 0,
                  "width": 6,
                },
                undefined,
              ]
            }
          />
          <View
            style={
              Array [
                Object {
                  "flex": 1,
                  "paddingHorizontal": 16,
                },
                undefined,
              ]
            }
          >
            <Text
              ellipsizeMode="tail"
              numberOfLines={1}
              style={
                Array [
                  Object {
                    "color": "#000000",
                  },
                  Object {
                    "fontFamily": "System",
                    "fontSize": 16,
                    "fontWeight": "400",
                    "letterSpacing": 0,
                  },
                  Object {
                    "fontFamily": "System",
                    "fontWeight": "500",
                  },
                  undefined,
                  Array [
                    Object {
                      "color": "#000000",
                    },
                    undefined,
                  ],
                ]
              }
            >
              item 3
            </Text>
            <View
              style={
                Array [
                  Object {
                    "alignItems": "center",
                    "flexDirection": "row",
                  },
                  undefined,
                ]
              }
            >
              <Text
                numberOfLines={1}
                style={
                  Array [
                    Object {
                      "color": "#000000",
                    },
                    Object {
                      "fontFamily": "System",
                      "fontSize": 14,
                      "fontWeight": "500",
                      "letterSpacing": 0,
                    },
                    Object {
                      "fontFamily": "System",
                      "fontWeight": "400",
                    },
                    undefined,
                    Object {
                      "color": "#000000",
                    },
                  ]
                }
              >
                item 3 details
              </Text>
            </View>
            <View
              style={
                Array [
                  Object {
                    "alignItems": "center",
                    "flexDirection": "row",
                  },
                  undefined,
                ]
              }
            />
          </View>
          <Text />
        </View>
      </View>
    </View>
  </RCTScrollView>
  <RCTSafeAreaView
    emulateUnlessSupported={true}
  >
    <Modal
      animationType="none"
      hardwareAccelerated={false}
      hideModalContentWhileAnimating={false}
      onModalHide={[Function]}
      onModalWillHide={[Function]}
      onModalWillShow={[Function]}
      onRequestClose={[Function]}
      scrollHorizontal={false}
      scrollOffset={0}
      scrollOffsetMax={0}
      scrollTo={null}
      supportedOrientations={
        Array [
          "portrait",
          "landscape",
        ]
      }
      swipeThreshold={100}
      transparent={true}
      visible={false}
    >
      <View
        accessible={true}
        focusable={true}
        forwardedRef={[Function]}
        onClick={[Function]}
        onResponderGrant={[Function]}
        onResponderMove={[Function]}
        onResponderRelease={[Function]}
        onResponderTerminate={[Function]}
        onResponderTerminationRequest={[Function]}
        onStartShouldSetResponder={[Function]}
        style={
          Object {
            "backgroundColor": "black",
            "bottom": 0,
            "height": 1334,
            "left": 0,
            "opacity": 0,
            "position": "absolute",
            "right": 0,
            "top": 0,
            "width": 750,
          }
        }
      />
      <View
        forwardedRef={[Function]}
        hideModalContentWhileAnimating={false}
        onModalHide={[Function]}
        onModalWillHide={[Function]}
        onModalWillShow={[Function]}
        pointerEvents="box-none"
        scrollHorizontal={false}
        scrollOffset={0}
        scrollOffsetMax={0}
        scrollTo={null}
        style={
          Object {
            "flex": 1,
            "justifyContent": "flex-end",
            "margin": 0,
            "transform": Array [
              Object {
                "translateY": 0,
              },
            ],
          }
        }
        supportedOrientations={
          Array [
            "portrait",
            "landscape",
          ]
        }
        swipeThreshold={100}
      >
        <View
          style={
            Object {
              "backgroundColor": "#ffffff",
            }
          }
        >
          <View
            accessible={true}
            focusable={true}
            onClick={[Function]}
            onResponderGrant={[Function]}
            onResponderMove={[Function]}
            onResponderRelease={[Function]}
            onResponderTerminate={[Function]}
            onResponderTerminationRequest={[Function]}
            onStartShouldSetResponder={[Function]}
            style={
              Object {
                "alignItems": "center",
                "backgroundColor": "transparent",
                "flexDirection": "row",
                "height": 72,
                "opacity": 1,
                "paddingRight": 16,
              }
            }
          >
            <View
              style={
                Array [
                  Object {
                    "backgroundColor": undefined,
                    "height": "100%",
                    "left": 0,
                    "position": "absolute",
                    "top": 0,
                    "width": 6,
                  },
                  undefined,
                ]
              }
            />
            <View
              style={
                Array [
                  Object {
                    "alignItems": "flex-start",
                    "justifyContent": "center",
                    "marginLeft": 16,
                    "width": 40,
                  },
                  undefined,
                ]
              }
            >
              <View
                style={null}
              >
                <Text />
              </View>
            </View>
            <View
              style={
                Array [
                  Object {
                    "flex": 1,
                    "paddingHorizontal": 16,
                  },
                  undefined,
                ]
              }
            >
              <Text
                ellipsizeMode="tail"
                numberOfLines={1}
                style={
                  Array [
                    Object {
                      "color": "#000000",
                    },
                    Object {
                      "fontFamily": "System",
                      "fontSize": 16,
                      "fontWeight": "400",
                      "letterSpacing": 0,
                    },
                    Object {
                      "fontFamily": "System",
                      "fontWeight": "500",
                    },
                    undefined,
                    Array [
                      Object {
                        "color": "#000000",
                      },
                      undefined,
                    ],
                  ]
                }
              >
                Remove
              </Text>
              <View
                style={
                  Array [
                    Object {
                      "alignItems": "center",
                      "flexDirection": "row",
                    },
                    undefined,
                  ]
                }
              />
              <View
                style={
                  Array [
                    Object {
                      "alignItems": "center",
                      "flexDirection": "row",
                    },
                    undefined,
                  ]
                }
              />
            </View>
          </View>
          <View
            accessible={true}
            focusable={true}
            onClick={[Function]}
            onResponderGrant={[Function]}
            onResponderMove={[Function]}
            onResponderRelease={[Function]}
            onResponderTerminate={[Function]}
            onResponderTerminationRequest={[Function]}
            onStartShouldSetResponder={[Function]}
            style={
              Object {
                "alignItems": "center",
                "backgroundColor": "transparent",
                "flexDirection": "row",
                "height": 72,
                "opacity": 1,
                "paddingRight": 16,
              }
            }
          >
            <View
              style={
                Array [
                  Object {
                    "backgroundColor": undefined,
                    "height": "100%",
                    "left": 0,
                    "position": "absolute",
                    "top": 0,
                    "width": 6,
                  },
                  undefined,
                ]
              }
            />
            <View
              style={
                Array [
                  Object {
                    "alignItems": "flex-start",
                    "justifyContent": "center",
                    "marginLeft": 16,
                    "width": 40,
                  },
                  undefined,
                ]
              }
            >
              <View
                style={null}
              >
                <Text />
              </View>
            </View>
            <View
              style={
                Array [
                  Object {
                    "flex": 1,
                    "paddingHorizontal": 16,
                  },
                  undefined,
                ]
              }
            >
              <Text
                ellipsizeMode="tail"
                numberOfLines={1}
                style={
                  Array [
                    Object {
                      "color": "#000000",
                    },
                    Object {
                      "fontFamily": "System",
                      "fontSize": 16,
                      "fontWeight": "400",
                      "letterSpacing": 0,
                    },
                    Object {
                      "fontFamily": "System",
                      "fontWeight": "500",
                    },
                    undefined,
                    Array [
                      Object {
                        "color": "#000000",
                      },
                      undefined,
                    ],
                  ]
                }
              >
                Cancel
              </Text>
              <View
                style={
                  Array [
                    Object {
                      "alignItems": "center",
                      "flexDirection": "row",
                    },
                    undefined,
                  ]
                }
              />
              <View
                style={
                  Array [
                    Object {
                      "alignItems": "center",
                      "flexDirection": "row",
                    },
                    undefined,
                  ]
                }
              />
            </View>
          </View>
        </View>
      </View>
    </Modal>
  </RCTSafeAreaView>
</View>
`;
