// Jest Snapshot v1, https://goo.gl/fbAQLP

exports[`Password Validation Tests renders the screen 1`] = `
<View
  style={
    Object {
      "flex": 1,
    }
  }
>
  <RCTSafeAreaView
    accessible={true}
    emulateUnlessSupported={true}
    focusable={true}
    onClick={[Function]}
    onResponderGrant={[Function]}
    onResponderMove={[Function]}
    onResponderRelease={[Function]}
    onResponderTerminate={[Function]}
    onResponderTerminationRequest={[Function]}
    onStartShouldSetResponder={[Function]}
    style={
      Object {
        "backgroundColor": "#6200ee",
        "elevation": 0,
        "height": 132,
        "shadowColor": "rgba(0, 0, 0, 0.3)",
        "shadowOffset": Object {
          "height": 1,
          "width": 0,
        },
        "shadowOpacity": 1,
        "shadowRadius": 2,
        "width": "100%",
      }
    }
  >
    <View
      style={
        Object {
          "flex": 1,
          "flexDirection": "row",
          "minHeight": 112,
          "paddingBottom": 32,
          "paddingHorizontal": 16,
          "paddingVertical": 32,
        }
      }
    >
      <View
        accessible={true}
        focusable={true}
        onClick={[Function]}
        onResponderGrant={[Function]}
        onResponderMove={[Function]}
        onResponderRelease={[Function]}
        onResponderTerminate={[Function]}
        onResponderTerminationRequest={[Function]}
        onStartShouldSetResponder={[Function]}
        style={
          Object {
            "height": 80,
            "margin": -16,
            "marginRight": 24,
            "opacity": 1,
            "padding": 16,
            "width": 80,
          }
        }
        testID="header-navigation"
      >
        <Text />
      </View>
      <View
        style={
          Object {
            "flex": 1,
            "flexDirection": "column",
            "justifyContent": "flex-end",
            "marginRight": 0,
            "marginTop": 0,
          }
        }
      >
        <View
          style={
            Object {
              "flex": 0,
              "justifyContent": "center",
            }
          }
        >
          <Text
            ellipsizeMode="tail"
            numberOfLines={1}
            style={
              Object {
                "color": "white",
                "fontFamily": "System",
                "fontSize": 20,
                "lineHeight": 20,
                "textAlign": "auto",
                "writingDirection": "ltr",
              }
            }
            testID="header-title"
          >
            In A List
          </Text>
        </View>
      </View>
      <View
        style={
          Array [
            Object {
              "alignItems": "center",
              "flexDirection": "row",
              "height": 112,
              "position": "absolute",
              "right": 8,
            },
            undefined,
          ]
        }
      />
    </View>
  </RCTSafeAreaView>
  <RCTSafeAreaView
    emulateUnlessSupported={true}
  >
    <RCTScrollView>
      <View>
        <View
          style={
            Array [
              Object {
                "alignItems": "center",
              },
              Object {
                "marginTop": 24,
              },
            ]
          }
        >
          <View
            style={
              Object {
                "backgroundColor": "#ffffff",
                "borderRadius": 4,
                "elevation": 1,
                "marginBottom": 8,
                "maxWidth": 600,
                "overflow": "hidden",
                "shadowColor": "#000000",
                "shadowOffset": Object {
                  "height": 0.5,
                  "width": 0,
                },
                "shadowOpacity": 0.24,
                "shadowRadius": 0.75,
                "width": "100%",
              }
            }
          >
            <View
              accessible={true}
              focusable={false}
              onClick={[Function]}
              onResponderGrant={[Function]}
              onResponderMove={[Function]}
              onResponderRelease={[Function]}
              onResponderTerminate={[Function]}
              onResponderTerminationRequest={[Function]}
              onStartShouldSetResponder={[Function]}
              style={
                Object {
                  "flexGrow": 1,
                  "flexShrink": 1,
                }
              }
            >
              <View
                accessible={true}
                focusable={false}
                onClick={[Function]}
                onResponderGrant={[Function]}
                onResponderMove={[Function]}
                onResponderRelease={[Function]}
                onResponderTerminate={[Function]}
                onResponderTerminationRequest={[Function]}
                onStartShouldSetResponder={[Function]}
                style={
                  Object {
                    "alignItems": "center",
                    "backgroundColor": "#ffffff",
                    "flexDirection": "row",
                    "minHeight": 144,
                    "opacity": 1,
                    "paddingRight": 16,
                  }
                }
              >
                <View
                  style={
                    Array [
                      Object {
                        "backgroundColor": undefined,
                        "height": "100%",
                        "left": 0,
                        "position": "absolute",
                        "top": 0,
                        "width": 6,
                      },
                      undefined,
                    ]
                  }
                />
                <View
                  style={
                    Array [
                      Object {
                        "alignItems": "flex-start",
                        "justifyContent": "center",
                        "marginLeft": 16,
                        "width": 80,
                      },
                      undefined,
                    ]
                  }
                >
                  <View
                    style={
                      Array [
                        Object {
                          "alignItems": "flex-start",
                          "backgroundColor": "transparent",
                          "justifyContent": "center",
                          "width": 80,
                        },
                        undefined,
                      ]
                    }
                  >
                    <Text />
                  </View>
                </View>
                <View
                  style={
                    Array [
                      Object {
                        "flex": 1,
                        "paddingHorizontal": 16,
                      },
                      undefined,
                    ]
                  }
                >
                  <Text
                    ellipsizeMode="tail"
                    numberOfLines={1}
                    style={
                      Array [
                        Object {
                          "color": "#000000",
                        },
                        Object {
                          "writingDirection": "ltr",
                        },
                        Object {},
                        Object {
                          "fontFamily": "System",
                          "fontSize": 16,
                          "fontWeight": "500",
                          "letterSpacing": 0,
                        },
                        Object {},
                        undefined,
                        Array [
                          Object {
                            "color": "#000000",
                          },
                          undefined,
                        ],
                      ]
                    }
                  >
                    IP Address
                  </Text>
                  <View
                    style={
                      Array [
                        Object {
                          "alignItems": "center",
                          "flexDirection": "row",
                          "overflow": "hidden",
                        },
                        undefined,
                      ]
                    }
                  />
                  <View
                    style={
                      Array [
                        Object {
                          "alignItems": "center",
                          "flexDirection": "row",
                        },
                        undefined,
                      ]
                    }
                  />
                </View>
                <View>
                  <View
                    style={
                      Array [
                        Object {
                          "backgroundColor": "rgb(231, 231, 231)",
                          "borderTopLeftRadius": 4,
                          "borderTopRightRadius": 4,
                        },
                        Object {
                          "backgroundColor": "#f7f8f8",
                          "width": 136,
                        },
                      ]
                    }
                  >
                    <View
                      style={
                        Object {
                          "backgroundColor": "#d5d8da",
                          "bottom": 0,
                          "height": 2,
                          "left": 0,
                          "position": "absolute",
                          "right": 0,
                          "transform": Array [
                            Object {
                              "scaleY": 0.5,
                            },
                          ],
                        }
                      }
                    />
                    <View
                      style={
                        Array [
                          Object {
                            "paddingBottom": 0,
                            "paddingTop": 0,
                          },
                          Object {
                            "minHeight": 40,
                          },
                        ]
                      }
                    >
                      <TextInput
                        allowFontScaling={true}
                        autoCapitalize="none"
                        editable={true}
                        keyboardType="default"
                        multiline={false}
                        onBlur={[Function]}
                        onChangeText={[Function]}
                        onFocus={[Function]}
                        placeholderTextColor="rgba(0, 0, 0, 0.54)"
                        rejectResponderTermination={true}
                        returnKeyType="done"
                        selectionColor="#6200ee"
                        style={
                          Array [
                            Object {
                              "flexGrow": 1,
                              "margin": 0,
                              "zIndex": 1,
                            },
                            Object {
                              "paddingLeft": 12,
                              "paddingRight": 12,
                            },
                            Object {
                              "height": 40,
                            },
                            Object {
                              "paddingBottom": 0,
                              "paddingTop": 0,
                            },
                            Object {
                              "color": "#000000",
                              "fontFamily": "System",
                              "fontSize": 18,
                              "fontWeight": undefined,
                              "textAlign": "left",
                              "textAlignVertical": "center",
                            },
                            Object {
                              "marginRight": 36,
                              "paddingRight": 8,
                            },
                          ]
                        }
                        textContentType="none"
                        underlineColorAndroid="transparent"
                        value="10.0.0.1"
                      />
                    </View>
                  </View>
                </View>
                <View
                  style={
                    Object {
                      "alignItems": "stretch",
                      "bottom": 0,
                      "left": 0,
                      "position": "absolute",
                      "right": 0,
                    }
                  }
                >
                  <View
                    style={
                      Array [
                        Object {
                          "backgroundColor": "rgba(0, 0, 0, 0.12)",
                          "height": 0.5,
                        },
                        Object {
                          "marginLeft": 72,
                        },
                        undefined,
                      ]
                    }
                  />
                </View>
              </View>
              <View
                accessible={true}
                focusable={false}
                onClick={[Function]}
                onResponderGrant={[Function]}
                onResponderMove={[Function]}
                onResponderRelease={[Function]}
                onResponderTerminate={[Function]}
                onResponderTerminationRequest={[Function]}
                onStartShouldSetResponder={[Function]}
                style={
                  Object {
                    "alignItems": "center",
                    "backgroundColor": "#ffffff",
                    "flexDirection": "row",
                    "minHeight": 144,
                    "opacity": 1,
                    "paddingRight": 16,
                  }
                }
              >
                <View
                  style={
                    Array [
                      Object {
                        "backgroundColor": undefined,
                        "height": "100%",
                        "left": 0,
                        "position": "absolute",
                        "top": 0,
                        "width": 6,
                      },
                      undefined,
                    ]
                  }
                />
                <View
                  style={
                    Array [
                      Object {
                        "alignItems": "flex-start",
                        "justifyContent": "center",
                        "marginLeft": 16,
                        "width": 80,
                      },
                      undefined,
                    ]
                  }
                >
                  <View
                    style={
                      Array [
                        Object {
                          "alignItems": "flex-start",
                          "backgroundColor": "transparent",
                          "justifyContent": "center",
                          "width": 80,
                        },
                        undefined,
                      ]
                    }
                  >
                    <Text />
                  </View>
                </View>
                <View
                  style={
                    Array [
                      Object {
                        "flex": 1,
                        "paddingHorizontal": 16,
                      },
                      undefined,
                    ]
                  }
                >
                  <Text
                    ellipsizeMode="tail"
                    numberOfLines={1}
                    style={
                      Array [
                        Object {
                          "color": "#000000",
                        },
                        Object {
                          "writingDirection": "ltr",
                        },
                        Object {},
                        Object {
                          "fontFamily": "System",
                          "fontSize": 16,
                          "fontWeight": "500",
                          "letterSpacing": 0,
                        },
                        Object {},
                        undefined,
                        Array [
                          Object {
                            "color": "#000000",
                          },
                          undefined,
                        ],
                      ]
                    }
                  >
                    Insight Report
                  </Text>
                  <View
                    style={
                      Array [
                        Object {
                          "alignItems": "center",
                          "flexDirection": "row",
                          "overflow": "hidden",
                        },
                        undefined,
                      ]
                    }
                  >
                    <Text
                      numberOfLines={1}
                      style={
                        Array [
                          Object {
                            "color": "#000000",
                          },
                          Object {
                            "writingDirection": "ltr",
                          },
                          Object {},
                          Object {
                            "fontFamily": "System",
                            "fontSize": 14,
                            "fontWeight": "400",
                            "letterSpacing": 0,
                          },
                          Object {},
                          undefined,
                          Object {
                            "color": "#000000",
                          },
                        ]
                      }
                    >
                      Auto-report every 2 months
                    </Text>
                  </View>
                  <View
                    style={
                      Array [
                        Object {
                          "alignItems": "center",
                          "flexDirection": "row",
                        },
                        undefined,
                      ]
                    }
                  />
                </View>
                <RCTSwitch
                  accessibilityRole="switch"
                  onChange={[Function]}
                  onResponderTerminationRequest={[Function]}
                  onStartShouldSetResponder={[Function]}
                  onTintColor="#03dac4"
                  style={
                    Object {
                      "height": 31,
                      "width": 51,
                    }
                  }
                  tintColor=""
                  value={true}
                />
              </View>
            </View>
          </View>
        </View>
      </View>
    </RCTScrollView>
  </RCTSafeAreaView>
</View>
`;
